==============================================================================
Tests                                                                         
==============================================================================
Tests.testDemo1                                                               
==============================================================================
Login with correct Username and Password                              | PASS |
------------------------------------------------------------------------------
Tests.testDemo1                                                       | PASS |
1 test, 1 passed, 0 failed
==============================================================================
Tests                                                                 | PASS |
1 test, 1 passed, 0 failed
==============================================================================
Output:  D:\Python Automation Framework\PythonFramework\RobotFramework\tests\pabot_results\1\output.xml
