==============================================================================
Tests                                                                         
==============================================================================
Tests.testDemo7 :: To validate login form                                     
==============================================================================
Validate Unsuccessful login                                           | PASS |
------------------------------------------------------------------------------
Validate Cards display in the shopping page                           | PASS |
------------------------------------------------------------------------------
Select the Form and Navigate to child window                          | PASS |
------------------------------------------------------------------------------
Tests.testDemo7 :: To validate login form                             | PASS |
3 tests, 3 passed, 0 failed
==============================================================================
Tests                                                                 | PASS |
3 tests, 3 passed, 0 failed
==============================================================================
Output:  D:\Python Automation Framework\PythonFramework\RobotFramework\tests\pabot_results\7\output.xml
