==============================================================================
Tests                                                                         
==============================================================================
Tests.e2eTest :: To validate login form                                       
==============================================================================
Validate Unsuccessful login                                           | PASS |
------------------------------------------------------------------------------
End to End ecommerce Product validation                               | PASS |
------------------------------------------------------------------------------
Select the Form and Navigate to child window                          | PASS |
------------------------------------------------------------------------------
Tests.e2eTest :: To validate login form                               | PASS |
3 tests, 3 passed, 0 failed
==============================================================================
Tests                                                                 | PASS |
3 tests, 3 passed, 0 failed
==============================================================================
Output:  D:\Python Automation Framework\PythonFramework\RobotFramework\tests\pabot_results\0\output.xml
