==============================================================================
Tests                                                                         
==============================================================================
Tests.testDemo2 :: To validate login form                                     
==============================================================================
Validate Unsuccessful login                                           | PASS |
------------------------------------------------------------------------------
Tests.testDemo2 :: To validate login form                             | PASS |
1 test, 1 passed, 0 failed
==============================================================================
Tests                                                                 | PASS |
1 test, 1 passed, 0 failed
==============================================================================
Output:  D:\Python Automation Framework\PythonFramework\RobotFramework\tests\pabot_results\2\output.xml
