==============================================================================
Tests                                                                         
==============================================================================
Tests.testDemo5 :: To validate login form                                     
==============================================================================
Invalid username                                                      | PASS |
------------------------------------------------------------------------------
Invalid password                                                      | PASS |
------------------------------------------------------------------------------
special characters                                                    | PASS |
------------------------------------------------------------------------------
Tests.testDemo5 :: To validate login form                             | PASS |
3 tests, 3 passed, 0 failed
==============================================================================
Tests                                                                 | PASS |
3 tests, 3 passed, 0 failed
==============================================================================
Output:  D:\Python Automation Framework\PythonFramework\RobotFramework\tests\pabot_results\5\output.xml
